// Jest Snapshot v1, https://goo.gl/fbAQLP

exports[`should collect data 1`] = `
Object {
  "collectedEntities": Array [
    Object {
      "_class": Array [
        "Account",
      ],
      "_key": "azure-devops-account:local-integration-instance",
      "_rawData": Array [
        Object {
          "name": "default",
          "rawData": Object {
            "id": "azure-devops",
            "name": "Azure Devops Account",
          },
        },
      ],
      "_type": "azure_devops_account",
      "createdOn": undefined,
      "displayName": "Azure Devops - Local Integration",
      "id": "azure-devops",
      "name": "Azure Devops - Local Integration",
    },
    Object {
      "_class": Array [
        "Project",
      ],
      "_key": "ec28b48e-62ee-443e-83a2-27e591f5c30a",
      "_rawData": Array [
        Object {
          "name": "default",
          "rawData": Object {
            "id": "ec28b48e-62ee-443e-83a2-27e591f5c30a",
            "lastUpdateTime": 2021-03-22T17:58:51.317Z,
            "name": "Project One",
            "revision": 11,
            "state": "wellFormed",
            "url": "https://dev.azure.com/michaelknoedel/_apis/projects/ec28b48e-62ee-443e-83a2-27e591f5c30a",
            "visibility": 0,
          },
        },
      ],
      "_type": "azure_devops_project",
      "abbreviation": undefined,
      "createdOn": undefined,
      "description": undefined,
      "displayName": "Project One",
      "id": "ec28b48e-62ee-443e-83a2-27e591f5c30a",
      "name": "Project One",
      "revision": 11,
      "state": "wellFormed",
      "updatedOn": undefined,
      "visibility": 0,
      "webLink": "https://dev.azure.com/michaelknoedel/_apis/projects/ec28b48e-62ee-443e-83a2-27e591f5c30a",
    },
    Object {
      "_class": Array [
        "User",
      ],
      "_key": "e7f84ec3-0ecc-4b78-878b-42a5c2c8f424",
      "_rawData": Array [
        Object {
          "name": "default",
          "rawData": Object {
            "identity": Object {
              "_links": Object {
                "avatar": Object {
                  "href": "https://dev.azure.com/michaelknoedel/_apis/GraphProfile/MemberAvatars/aad.Njg3NTczODAtOTcxMi03YWU4LWFmNmItNGRmZWExZWM4Y2Fj",
                },
              },
              "descriptor": "aad.Njg3NTczODAtOTcxMi03YWU4LWFmNmItNGRmZWExZWM4Y2Fj",
              "displayName": "Michael Knoedel",
              "id": "e7f84ec3-0ecc-4b78-878b-42a5c2c8f424",
              "imageUrl": "https://dev.azure.com/michaelknoedel/_api/_common/identityImage?id=e7f84ec3-0ecc-4b78-878b-42a5c2c8f424",
              "uniqueName": "michael.knoedel@jupiterone.com",
              "url": "https://spsprodcus5.vssps.visualstudio.com/Ae6472b42-435c-4da8-bb39-ae8a56ec4bbd/_apis/Identities/e7f84ec3-0ecc-4b78-878b-42a5c2c8f424",
            },
          },
        },
      ],
      "_type": "azure_devops_user",
      "createdOn": undefined,
      "descriptor": "aad.Njg3NTczODAtOTcxMi03YWU4LWFmNmItNGRmZWExZWM4Y2Fj",
      "displayName": "Michael Knoedel",
      "email": "michael.knoedel@jupiterone.com",
      "emailDomain": "jupiterone.com",
      "imageLink": "https://dev.azure.com/michaelknoedel/_api/_common/identityImage?id=e7f84ec3-0ecc-4b78-878b-42a5c2c8f424",
      "name": "Michael Knoedel",
      "profileLink": undefined,
      "username": "michael.knoedel@jupiterone.com",
      "webLink": "https://spsprodcus5.vssps.visualstudio.com/Ae6472b42-435c-4da8-bb39-ae8a56ec4bbd/_apis/Identities/e7f84ec3-0ecc-4b78-878b-42a5c2c8f424",
    },
    Object {
      "_class": Array [
        "UserGroup",
      ],
      "_key": "db0744c6-a6b2-46d5-a99d-b1a5152d7d9f",
      "_rawData": Array [
        Object {
          "name": "default",
          "rawData": Object {
            "description": "The default project team.",
            "id": "db0744c6-a6b2-46d5-a99d-b1a5152d7d9f",
            "identityUrl": "https://spsprodcus5.vssps.visualstudio.com/Ae6472b42-435c-4da8-bb39-ae8a56ec4bbd/_apis/Identities/db0744c6-a6b2-46d5-a99d-b1a5152d7d9f",
            "name": "Project One Team",
            "projectId": "ec28b48e-62ee-443e-83a2-27e591f5c30a",
            "projectName": "Project One",
            "url": "https://dev.azure.com/michaelknoedel/_apis/projects/ec28b48e-62ee-443e-83a2-27e591f5c30a/teams/db0744c6-a6b2-46d5-a99d-b1a5152d7d9f",
            "users": Array [
              Object {
                "id": "e7f84ec3-0ecc-4b78-878b-42a5c2c8f424",
              },
            ],
          },
        },
      ],
      "_type": "azure_devops_team",
      "createdOn": undefined,
      "description": "The default project team.",
      "displayName": "Project One Team",
      "id": "db0744c6-a6b2-46d5-a99d-b1a5152d7d9f",
      "identityUrl": "https://spsprodcus5.vssps.visualstudio.com/Ae6472b42-435c-4da8-bb39-ae8a56ec4bbd/_apis/Identities/db0744c6-a6b2-46d5-a99d-b1a5152d7d9f",
      "name": "Project One Team",
      "projectId": "ec28b48e-62ee-443e-83a2-27e591f5c30a",
      "projectName": "Project One",
      "webLink": "https://dev.azure.com/michaelknoedel/_apis/projects/ec28b48e-62ee-443e-83a2-27e591f5c30a/teams/db0744c6-a6b2-46d5-a99d-b1a5152d7d9f",
    },
    Object {
      "_class": Array [
        "Record",
      ],
      "_key": "ec28b48e-62ee-443e-83a2-27e591f5c30a1",
      "_rawData": Array [
        Object {
          "name": "default",
          "rawData": Object {
            "fields": Object {
              "Microsoft.VSTS.Common.Priority": 2,
              "Microsoft.VSTS.Common.StateChangeDate": "2021-03-22T17:59:24.453Z",
              "System.AreaId": 4,
              "System.AreaLevel1": "Project One",
              "System.AreaPath": "Project One",
              "System.AssignedTo": "Michael Knoedel <michael.knoedel@jupiterone.com>",
              "System.AttachedFileCount": 0,
              "System.AuthorizedAs": "Michael Knoedel <michael.knoedel@jupiterone.com>",
              "System.AuthorizedDate": "2021-03-22T17:59:37.637Z",
              "System.BoardColumn": "To Do",
              "System.BoardColumnDone": false,
              "System.ChangedBy": "Michael Knoedel <michael.knoedel@jupiterone.com>",
              "System.ChangedDate": "2021-03-22T17:59:37.637Z",
              "System.CommentCount": 0,
              "System.CreatedBy": "Michael Knoedel <michael.knoedel@jupiterone.com>",
              "System.CreatedDate": "2021-03-22T17:59:24.453Z",
              "System.ExternalLinkCount": 0,
              "System.HyperLinkCount": 0,
              "System.Id": 1,
              "System.IterationId": 3,
              "System.IterationLevel1": "Project One",
              "System.IterationLevel2": "Sprint 1",
              "System.IterationPath": "Project One\\\\Sprint 1",
              "System.NodeName": "Project One",
              "System.PersonId": 226500438,
              "System.Reason": "Added to backlog",
              "System.RelatedLinkCount": 0,
              "System.RemoteLinkCount": 0,
              "System.Rev": 2,
              "System.RevisedDate": "9999-01-01T00:00:00Z",
              "System.State": "To Do",
              "System.TeamProject": "Project One",
              "System.Title": "Item 1",
              "System.Watermark": 2,
              "System.WorkItemType": "Issue",
            },
            "id": 1,
            "projectId": "ec28b48e-62ee-443e-83a2-27e591f5c30a",
            "rev": 2,
          },
        },
      ],
      "_type": "azure_devops_work_item",
      "areaPath": "Project One",
      "changedBy": "Michael Knoedel <michael.knoedel@jupiterone.com>",
      "changedDate": "2021-03-22T17:59:37.637Z",
      "commentCount": 0,
      "createdDate": "2021-03-22T17:59:24.453Z",
      "createdOn": undefined,
      "description": undefined,
      "displayName": "Item 1",
      "history": undefined,
      "interationPath": "Project One\\\\Sprint 1",
      "name": "Item 1",
      "priority": 2,
      "projectId": "ec28b48e-62ee-443e-83a2-27e591f5c30a",
      "projectName": "Project One",
      "reason": "Added to backlog",
      "revision": 2,
      "state": "To Do",
      "stateChangeDate": "2021-03-22T17:59:24.453Z",
      "teamProject": "Project One",
      "type": "Issue",
      "webLink": undefined,
      "workItemType": "Issue",
    },
  ],
  "collectedRelationships": Array [
    Object {
      "_class": "HAS",
      "_fromEntityKey": "azure-devops-account:local-integration-instance",
      "_key": "azure-devops-account:local-integration-instance|has|ec28b48e-62ee-443e-83a2-27e591f5c30a",
      "_toEntityKey": "ec28b48e-62ee-443e-83a2-27e591f5c30a",
      "_type": "azure_devops_account_has_project",
      "displayName": "HAS",
    },
    Object {
      "_class": "HAS",
      "_fromEntityKey": "azure-devops-account:local-integration-instance",
      "_key": "azure-devops-account:local-integration-instance|has|e7f84ec3-0ecc-4b78-878b-42a5c2c8f424",
      "_toEntityKey": "e7f84ec3-0ecc-4b78-878b-42a5c2c8f424",
      "_type": "azure_devops_account_has_user",
      "displayName": "HAS",
    },
    Object {
      "_class": "HAS",
      "_fromEntityKey": "azure-devops-account:local-integration-instance",
      "_key": "azure-devops-account:local-integration-instance|has|db0744c6-a6b2-46d5-a99d-b1a5152d7d9f",
      "_toEntityKey": "db0744c6-a6b2-46d5-a99d-b1a5152d7d9f",
      "_type": "azure_devops_account_has_team",
      "displayName": "HAS",
    },
    Object {
      "_class": "HAS",
      "_fromEntityKey": "db0744c6-a6b2-46d5-a99d-b1a5152d7d9f",
      "_key": "db0744c6-a6b2-46d5-a99d-b1a5152d7d9f|has|e7f84ec3-0ecc-4b78-878b-42a5c2c8f424",
      "_toEntityKey": "e7f84ec3-0ecc-4b78-878b-42a5c2c8f424",
      "_type": "azure_devops_team_has_user",
      "displayName": "HAS",
    },
    Object {
      "_class": "HAS",
      "_fromEntityKey": "ec28b48e-62ee-443e-83a2-27e591f5c30a",
      "_key": "ec28b48e-62ee-443e-83a2-27e591f5c30a|has|db0744c6-a6b2-46d5-a99d-b1a5152d7d9f",
      "_toEntityKey": "db0744c6-a6b2-46d5-a99d-b1a5152d7d9f",
      "_type": "azure_devops_project_has_team",
      "displayName": "HAS",
    },
    Object {
      "_class": "CREATED",
      "_fromEntityKey": "e7f84ec3-0ecc-4b78-878b-42a5c2c8f424",
      "_key": "e7f84ec3-0ecc-4b78-878b-42a5c2c8f424|created|ec28b48e-62ee-443e-83a2-27e591f5c30a1",
      "_toEntityKey": "ec28b48e-62ee-443e-83a2-27e591f5c30a1",
      "_type": "azure_devops_user_created_work_item",
      "displayName": "CREATED",
    },
    Object {
      "_class": "ASSIGNED",
      "_fromEntityKey": "e7f84ec3-0ecc-4b78-878b-42a5c2c8f424",
      "_key": "e7f84ec3-0ecc-4b78-878b-42a5c2c8f424|assigned|ec28b48e-62ee-443e-83a2-27e591f5c30a1",
      "_toEntityKey": "ec28b48e-62ee-443e-83a2-27e591f5c30a1",
      "_type": "azure_devops_user_assigned_work_item",
      "displayName": "ASSIGNED",
    },
    Object {
      "_class": "HAS",
      "_fromEntityKey": "ec28b48e-62ee-443e-83a2-27e591f5c30a",
      "_key": "ec28b48e-62ee-443e-83a2-27e591f5c30a|has|ec28b48e-62ee-443e-83a2-27e591f5c30a1",
      "_toEntityKey": "ec28b48e-62ee-443e-83a2-27e591f5c30a1",
      "_type": "azure_devops_project_has_work_item",
      "displayName": "HAS",
    },
  ],
  "encounteredTypes": Array [
    "azure_devops_account",
    "azure_devops_project",
    "azure_devops_account_has_project",
    "azure_devops_user",
    "azure_devops_account_has_user",
    "azure_devops_team",
    "azure_devops_account_has_team",
    "azure_devops_team_has_user",
    "azure_devops_project_has_team",
    "azure_devops_work_item",
    "azure_devops_user_created_work_item",
    "azure_devops_user_assigned_work_item",
    "azure_devops_project_has_work_item",
  ],
  "numCollectedEntities": 5,
  "numCollectedRelationships": 8,
}
`;
